[donweb.com/es-ar/hacemos-tu-pagina-web-en-5-dias.html]
[backblue.gif]
[fade.gif]
[index.html]
[images.donweb.com/img/donweb-redes.png]
[images.donweb.com/cache/css-min/22902/hacemos-tu-pagina-web-en-5-dias.min.css]
[donweb.com/es-ar/pagina-web-hazlo-tu-mismo/bg-video.jpg]
[images.donweb.com/img/px.gif]
[donweb.com/es-ar/hacemos-tu-pagina-web-en-5-dias/bg-pagina-web-a-medida.jpg]
[donweb.com/es-ar/pagina-web-hazlo-tu-mismo/redes.png]
[donweb.com/es-ar/pagina-web-hazlo-tu-mismo/slide-2.2.png]
[donweb.com/es-ar/pagina-web-hazlo-tu-mismo/slide-2.3.png]
[donweb.com/es-ar/hacemos-tu-pagina-web-en-5-dias/bg-te-acompanamos.jpg]
[donweb.com/es-ar/hacemos-tu-pagina-web-en-5-dias/testimonio-1.jpg]
[donweb.com/es-ar/hacemos-tu-pagina-web-en-5-dias/testimonio-2.jpg]
[donweb.com/es-ar/hacemos-tu-pagina-web-en-5-dias/testimonio-3.jpg]
[donweb.com/es-ar/hacemos-tu-pagina-web-en-5-dias/01.jpg]
[donweb.com/es-ar/hacemos-tu-pagina-web-en-5-dias/02.jpg]
[donweb.com/es-ar/hacemos-tu-pagina-web-en-5-dias/03.jpg]
[donweb.com/es-ar/hacemos-tu-pagina-web-en-5-dias/bg-contacto.jpg]
[images.donweb.com/cache/js-min/22902/hacemos-tu-pagina-web-en-5-dias.min.js]
[www.google-analytics.com/analytics.js]
[assets.customer.io/assets/track.js]
[www.google.com/recaptcha/api1549.js]
[connect.facebook.net/en_US/fbevents.js]
[snap.licdn.com/li.lms-analytics/insight.min.js]
[donweb.com/es-ar/hacemos-tu-pagina-web-en-5-dias.html]
[images.donweb.com/img/common_1_sitio_donweb.png]
[images.donweb.com/cache/css-min/22902/hacemos-tu-pagina-web-en-5-dias.min.css]
[donweb.com/es-ar/pagina-web-hazlo-tu-mismo/bg-video.html]
[donweb.com/es-ar/hacemos-tu-pagina-web-en-5-dias/bg-pagina-web-a-medida.html]
[donweb.com/es-ar/pagina-web-hazlo-tu-mismo/redes.html]
[donweb.com/es-ar/pagina-web-hazlo-tu-mismo/slide-2.2.html]
[donweb.com/es-ar/pagina-web-hazlo-tu-mismo/slide-2.3.html]
[donweb.com/es-ar/hacemos-tu-pagina-web-en-5-dias/bg-te-acompanamos.html]
[donweb.com/es-ar/hacemos-tu-pagina-web-en-5-dias/testimonio-1.html]
[donweb.com/es-ar/hacemos-tu-pagina-web-en-5-dias/testimonio-2.html]
[donweb.com/es-ar/hacemos-tu-pagina-web-en-5-dias/testimonio-3.html]
[donweb.com/es-ar/hacemos-tu-pagina-web-en-5-dias/01.html]
[donweb.com/es-ar/hacemos-tu-pagina-web-en-5-dias/02.html]
[donweb.com/es-ar/hacemos-tu-pagina-web-en-5-dias/03.html]
[donweb.com/es-ar/hacemos-tu-pagina-web-en-5-dias/bg-contacto.html]
[www.googletagmanager.com/gtm5445.html]
[donweb.com/es-ar/a]
[donweb.com/es-ar/POST]
[donweb.com/es-ar/b.resolvedLink]
[donweb.com/es-ar/schema.org/index.html]
[donweb.com/es-ar/signals]
[connect.facebook.net/en_US/fbevents.js]
[donweb.com/es-ar/a.html]
[donweb.com/es-ar/POST.html]
[donweb.com/es-ar/schema.org/index.html]
[donweb.com/es-ar/b.html]
[donweb.com/es-ar/signals.html]
